// Jest Snapshot v1, https://goo.gl/fbAQLP

exports[`Hero snapshot +++ render the Hero component 1`] = `
<Link
  className="link"
  params={
    Object {
      "hero": Object {},
    }
  }
  replace={false}
  to="/hero/undefined"
>
  <Card
    className="hero-card"
    expandable={false}
    expanded={null}
    initiallyExpanded={false}
  >
    <CardHeader
      avatar="undefined/portrait_medium.undefined"
      className="header"
    />
    <CardText
      className="description"
    >
      No description available
    </CardText>
    <FlatButton
      className="expand"
      disabled={false}
      fullWidth={false}
      label="Click to expand"
      labelPosition="after"
      labelStyle={Object {}}
      onKeyboardFocus={[Function]}
      onMouseEnter={[Function]}
      onMouseLeave={[Function]}
      onTouchStart={[Function]}
      primary={false}
      secondary={false}
    />
  </Card>
</Link>
`;
