// Jest Snapshot v1, https://goo.gl/fbAQLP

exports[`Header snapshot +++ render the Header component 1`] = `
<nav
  className="navbar navbar-light"
>
  <AppBar
    className="appbar"
    iconElementRight={
      <a
        href="auth/google"
      >
        <FlatButton
          className="login"
          disabled={false}
          fullWidth={false}
          label="Log in"
          labelPosition="after"
          labelStyle={Object {}}
          onKeyboardFocus={[Function]}
          onMouseEnter={[Function]}
          onMouseLeave={[Function]}
          onTouchStart={[Function]}
          primary={false}
          secondary={false}
        />
      </a>
    }
    onLeftIconButtonClick={[Function]}
    onRightIconButtonClick={[Function]}
    showMenuIconButton={true}
    title={
      <Link
        replace={false}
        to="/"
      >
        <img
          alt="EngBook Logo"
          className="logo"
          src="logo.jpg"
        />
      </Link>
    }
    zDepth={1}
  />
  <Drawer
    className="drawer"
    disableSwipeToOpen={false}
    docked={false}
    onRequestChange={[Function]}
    open={false}
    openSecondary={false}
    swipeAreaWidth={30}
    width={null}
    zDepth={2}
  >
    <div
      className="navbar-top"
    >
      <ActionDashboard />
    </div>
    <Link
      className="links"
      key="0"
      replace={false}
      to="/"
    >
      <MenuItem
        anchorOrigin={
          Object {
            "horizontal": "right",
            "vertical": "top",
          }
        }
        checked={false}
        desktop={false}
        disabled={false}
        focusState="none"
        insetChildren={false}
        targetOrigin={
          Object {
            "horizontal": "left",
            "vertical": "top",
          }
        }
      >
        home
      </MenuItem>
    </Link>
    <Link
      className="links"
      key="1"
      replace={false}
      to="/dashboard"
    >
      <MenuItem
        anchorOrigin={
          Object {
            "horizontal": "right",
            "vertical": "top",
          }
        }
        checked={false}
        desktop={false}
        disabled={false}
        focusState="none"
        insetChildren={false}
        targetOrigin={
          Object {
            "horizontal": "left",
            "vertical": "top",
          }
        }
      >
        dashboard
      </MenuItem>
    </Link>
    <Link
      className="links"
      key="2"
      replace={false}
      to="/addquestion"
    >
      <MenuItem
        anchorOrigin={
          Object {
            "horizontal": "right",
            "vertical": "top",
          }
        }
        checked={false}
        desktop={false}
        disabled={false}
        focusState="none"
        insetChildren={false}
        targetOrigin={
          Object {
            "horizontal": "left",
            "vertical": "top",
          }
        }
      >
        addquestion
      </MenuItem>
    </Link>
  </Drawer>
</nav>
`;
